병합(merge)의 종류 
1. 보통의 병합 (--ff)
2. 이기적 병합 (--no-ff)
3. 소심한 병합 (--ff-only)
4. 양아치 병합 (--squash)
* 용어는 이해를 돕기위해 제가 만들었어요..ㅎㅎ;;;

 보통의 병합

$ git merge {병합할 브랜치 명}
보통의 병합이라고 할지 융통성 있는 병합이라고 할지 고민했는데 기본적인 명령어라서 보통의 병합이라고 하였다.

융통성 있는 병합이라고 표현한 이유는 다음과 같다.
 

현 브랜치와 병합할 브랜치가 Fast-Forward 관계 O: 병할할 브랜치(커밋)을 따라감. without Merge 커밋
현 브랜치와 병합할 브랜치가 Fast-Forward 관계 X : 병합할 브랜치와 병합됨. with Merge 커밋
이기적인 병합

$ git merge --no-ff {병합할 브랜치 명}
현재 브랜치와 병합 대상의 관계가 Fast-Forward이던 아니던 무조건 Merge 커밋과 같이 병합되는 옵션

 
소심한 병합

$ git merge --ff-only {병합할 브랜치 명}
현재 브랜치와 병합 대상의 관계가 Fast-Forward인 경우에만 병합 진행. Merge 커밋 생성되지 않음

 https://minemanemo.tistory.com/46
